[2026-08-11 13:14:22] 
XLibre X Server 1.25.1.8
X Protocol Version 11, Revision 0
[2026-08-11 13:14:22] Current Operating System: FreeBSD besk 15.1-RELEASE-p2 FreeBSD 15.1-RELEASE-p2 releng/15.1-n283596-aadd58dddcbc GENERIC amd64
[2026-08-11 13:14:22] Current version of pixman: 0.46.4
[2026-08-11 13:14:22] Markers: (--) probed, (**) from config file, (==) default setting,
	(++) from command line, (!!) notice, (II) informational,
	(WW) warning, (EE) error, (NI) not implemented, (??) unknown.
[2026-08-11 13:14:22] (==) Log file: "/var/log/Xorg.0.log", Time: Tue Aug 11 13:14:22 2026
[2026-08-11 13:14:22] (==) Using config directory: "/usr/local/etc/X11/xorg.conf.d"
[2026-08-11 13:14:22] (==) Using system config directory "/usr/local/share/X11/xorg.conf.d"
[2026-08-11 13:14:22] (**) Option "AutoAddGPU" "false"
[2026-08-11 13:14:22] (==) Automatically adding devices
[2026-08-11 13:14:22] (==) Automatically enabling devices
[2026-08-11 13:14:22] (**) Not automatically adding GPU devices
[2026-08-11 13:14:22] (==) Automatically binding GPU devices
[2026-08-11 13:14:22] (==) Max clients allowed: 256, resource mask: 0x1fffff
[2026-08-11 13:14:22] (==) No Layout section.  Using the first Screen section.
[2026-08-11 13:14:22] (==) No screen section available. Using defaults.
[2026-08-11 13:14:22] (**) |-->Screen "Default Screen Section" (0)
[2026-08-11 13:14:22] (**) |   |-->Monitor "<default monitor>"
[2026-08-11 13:14:22] (==) No monitor specified for screen "Default Screen Section".
	Using a default monitor configuration.
[2026-08-11 13:14:22] (==) FontPath set to:
	/usr/local/share/fonts/misc/,
	/usr/local/share/fonts/TTF/,
	/usr/local/share/fonts/OTF/,
	/usr/local/share/fonts/Type1/,
	/usr/local/share/fonts/100dpi/,
	/usr/local/share/fonts/75dpi/,
	catalogue:/usr/local/etc/X11/fontpath.d
[2026-08-11 13:14:22] (==) ModulePath set to "/usr/local/lib/xorg/modules"
[2026-08-11 13:14:22] (II) The server relies on udev to provide the list of input devices.
	If no devices become available, reconfigure udev or disable AutoAddDevices.
[2026-08-11 13:14:22] (II) Module ABI versions:
[2026-08-11 13:14:22] 	X.Org ANSI C Emulation: 1.4
[2026-08-11 13:14:22] 	X.Org Video Driver: 28.1
[2026-08-11 13:14:22] 	X.Org XInput driver : 26.0
[2026-08-11 13:14:22] 	X.Org Server Extension : 11.0
[2026-08-11 13:14:22] (II) seatd_libseat init
[2026-08-11 13:14:22] (II) [libseat/backend/seatd.c:64] Could not connect to socket /var/run/seatd.sock: No such file or directory
[2026-08-11 13:14:22] (II) [libseat/libseat.c:80] Backend 'seatd' failed to open seat, skipping
[2026-08-11 13:14:22] (II) [libseat/libseat.c:80] Backend 'consolekit2' failed to open seat, skipping
[2026-08-11 13:14:22] (EE) [libseat/libseat.c:83] No backend was able to open a seat
[2026-08-11 13:14:22] (EE) Cannot set up seatd_libseat client
[2026-08-11 13:14:22] (II) xfree86: Adding drm device (/dev/dri/card0)
[2026-08-11 13:14:22] (II) Platform probe for /dev/dri/card0
[2026-08-11 13:14:22] (--) PCI:*(0@0:2:0) 8086:22b1:17aa:5057 rev 33, Mem @ 0x90000000/16777216, 0x80000000/268435456, I/O @ 0x2000/64, BIOS @ 0x????????/65536
[2026-08-11 13:14:22] (II) LoadModule: "glx"
[2026-08-11 13:14:22] (II) Loading /usr/local/lib/xorg/modules/xlibre-25/extensions/libglx.so
[2026-08-11 13:14:22] (II) Module glx: vendor="X.Org Foundation"
[2026-08-11 13:14:22] 	compiled for 1.25.1.8, module version = 1.0.0
[2026-08-11 13:14:22] 	ABI class: X.Org Server Extension, version 11.0
[2026-08-11 13:14:22] (==) Matched intel as autoconfigured driver 0
[2026-08-11 13:14:22] (==) Matched modesetting as autoconfigured driver 1
[2026-08-11 13:14:22] (==) Matched scfb as autoconfigured driver 2
[2026-08-11 13:14:22] (==) Matched vesa as autoconfigured driver 3
[2026-08-11 13:14:22] (==) Assigned the driver to the xf86ConfigLayout
[2026-08-11 13:14:22] (II) LoadModule: "intel"
[2026-08-11 13:14:22] (II) Loading /usr/local/lib/xorg/modules/xlibre-25/drivers/intel_drv.so
[2026-08-11 13:14:22] (II) Module intel: vendor="X.Org Foundation"
[2026-08-11 13:14:22] 	compiled for 1.25.1.9, module version = 25.0.2
[2026-08-11 13:14:22] 	Module class: X.Org Video Driver
[2026-08-11 13:14:22] 	ABI class: X.Org Video Driver, version 28.1
[2026-08-11 13:14:22] (II) LoadModule: "modesetting"
[2026-08-11 13:14:22] (II) Loading /usr/local/lib/xorg/modules/xlibre-25/drivers/modesetting_drv.so
[2026-08-11 13:14:22] (II) Module modesetting: vendor="X.Org Foundation"
[2026-08-11 13:14:22] 	compiled for 1.25.1.8, module version = 1.25.1
[2026-08-11 13:14:22] 	Module class: X.Org Video Driver
[2026-08-11 13:14:22] 	ABI class: X.Org Video Driver, version 28.1
[2026-08-11 13:14:22] (II) LoadModule: "scfb"
[2026-08-11 13:14:22] (II) Loading /usr/local/lib/xorg/modules/xlibre-25/drivers/scfb_drv.so
[2026-08-11 13:14:22] (II) Module scfb: vendor="X.Org Foundation"
[2026-08-11 13:14:22] 	compiled for 1.25.1.8, module version = 25.0.0
[2026-08-11 13:14:22] 	ABI class: X.Org Video Driver, version 28.1
[2026-08-11 13:14:22] (II) LoadModule: "vesa"
[2026-08-11 13:14:22] (II) Loading /usr/local/lib/xorg/modules/xlibre-25/drivers/vesa_drv.so
[2026-08-11 13:14:22] (II) Module vesa: vendor="X.Org Foundation"
[2026-08-11 13:14:22] 	compiled for 1.25.1.8, module version = 25.0.0
[2026-08-11 13:14:22] 	Module class: X.Org Video Driver
[2026-08-11 13:14:22] 	ABI class: X.Org Video Driver, version 28.1
[2026-08-11 13:14:22] (II) intel: Driver for Intel(R) Integrated Graphics Chipsets:
	i810, i810-dc100, i810e, i815, i830M, 845G, 854, 852GM/855GM, 865G,
	915G, E7221 (i915), 915GM, 945G, 945GM, 945GME, Pineview GM,
	Pineview G, 965G, G35, 965Q, 946GZ, 965GM, 965GME/GLE, G33, Q35, Q33,
	GM45, 4 Series, G45/G43, Q45/Q43, G41, B43
[2026-08-11 13:14:22] (II) intel: Driver for Intel(R) HD Graphics
[2026-08-11 13:14:22] (II) intel: Driver for Intel(R) Iris(TM) Graphics
[2026-08-11 13:14:22] (II) intel: Driver for Intel(R) Iris(TM) Pro Graphics
[2026-08-11 13:14:22] (II) modesetting: Driver for Modesetting Kernel Drivers: kms
[2026-08-11 13:14:22] (II) scfb: driver for wsdisplay framebuffer: scfb
[2026-08-11 13:14:22] (II) VESA: driver for VESA chipsets: vesa
[2026-08-11 13:14:22] (--) Using pcvt driver
[2026-08-11 13:14:22] (II)  Platform device "/dev/dri/card0" at 0@0:2:0 can be claimed.
[2026-08-11 13:14:22] (II)  Platform device "/dev/dri/card0" skipped because
[2026-08-11 13:14:22] (II)   PCI bus id 0@0:2:0 has already been claimed by "Autoconfigured Video Device".
[2026-08-11 13:14:22] (II)  PCI device skipped because
[2026-08-11 13:14:22] (II)   PCI bus id 0@0:2:0 has already been claimed by "Autoconfigured Video Device".
[2026-08-11 13:14:22] (WW) Falling back to old probe method for modesetting
[2026-08-11 13:14:22] (II)  DRI device "/dev/dri/card0" has already been claimed by "Autoconfigured Video Device".
[2026-08-11 13:14:22] (WW) Falling back to old probe method for scfb
[2026-08-11 13:14:22] scfb trace: probe start
[2026-08-11 13:14:22] (II) "Autoconfigured Video Device scfb" can be claimed.
[2026-08-11 13:14:22] (II) scfb(1): using default device
[2026-08-11 13:14:22] scfb trace: probe done
[2026-08-11 13:14:22] (II)  PCI device skipped because
[2026-08-11 13:14:22] (II)   PCI bus id 0@0:2:0 has already been claimed by "Autoconfigured Video Device".
[2026-08-11 13:14:22] (WW) VGA arbiter: cannot open kernel arbiter, no multi-card support
[2026-08-11 13:14:22] (II) intel(0): Creating default Display subsection in Screen section
	"Default Screen Section" for depth/fbbpp 24/32
[2026-08-11 13:14:22] (==) intel(0): Depth 24, (--) framebuffer bpp 32
[2026-08-11 13:14:22] (==) intel(0): RGB weight 888
[2026-08-11 13:14:22] (==) intel(0): Default visual is TrueColor
[2026-08-11 13:14:22] (--) intel(0): Integrated Graphics Chipset: Intel(R) HD Graphics
[2026-08-11 13:14:22] (**) intel(0): Relaxed fencing enabled
[2026-08-11 13:14:22] (**) intel(0): Wait on SwapBuffers? enabled
[2026-08-11 13:14:22] (**) intel(0): Triple buffering? enabled
[2026-08-11 13:14:22] (**) intel(0): Framebuffer tiled
[2026-08-11 13:14:22] (**) intel(0): Pixmaps tiled
[2026-08-11 13:14:22] (**) intel(0): 3D buffers tiled
[2026-08-11 13:14:22] (**) intel(0): SwapBuffers wait enabled
[2026-08-11 13:14:22] (==) intel(0): video overlay key set to 0x101fe
[2026-08-11 13:14:22] (II) intel(0): Output eDP-1 has no monitor section
[2026-08-11 13:14:22] (II) intel(0): Output DP-1 has no monitor section
[2026-08-11 13:14:22] (II) intel(0): Output HDMI-1 has no monitor section
[2026-08-11 13:14:23] (II) intel(0): Output DP-2 has no monitor section
[2026-08-11 13:14:23] (II) intel(0): Output HDMI-2 has no monitor section
[2026-08-11 13:14:23] (II) intel(0): EDID for output eDP-1
[2026-08-11 13:14:23] (II) intel(0): Manufacturer: BOE  Model: 608  Serial#: 0
[2026-08-11 13:14:23] (II) intel(0): Year: 2014  Week: 1
[2026-08-11 13:14:23] (II) intel(0): EDID Version: 1.4
[2026-08-11 13:14:23] (II) intel(0): Digital Display Input
[2026-08-11 13:14:23] (II) intel(0): 6 bits per channel
[2026-08-11 13:14:23] (II) intel(0): Digital interface is DisplayPort
[2026-08-11 13:14:23] (II) intel(0): Max Image Size [cm]: horiz.: 26  vert.: 15
[2026-08-11 13:14:23] (II) intel(0): Gamma: 2.20
[2026-08-11 13:14:23] (II) intel(0): No DPMS capabilities specified
[2026-08-11 13:14:23] (II) intel(0): Supported color encodings: RGB 4:4:4 
[2026-08-11 13:14:23] (II) intel(0): First detailed timing is preferred mode
[2026-08-11 13:14:23] (II) intel(0): Preferred mode is native pixel format and refresh rate
[2026-08-11 13:14:23] (II) intel(0): redX: 0.58 redY: 0.36   greenX: 0.34 greenY: 0.58
[2026-08-11 13:14:23] (II) intel(0): blueX: 0.16 blueY: 0.11   whiteX: 0.31 whiteY: 0.33
[2026-08-11 13:14:23] (II) intel(0): Manufacturer's mask: 0
[2026-08-11 13:14:23] (II) intel(0): Supported detailed timing:
[2026-08-11 13:14:23] (II) intel(0): clock: 72.30 MHz   Image Size:  256 x 144 mm
[2026-08-11 13:14:23] (II) intel(0): h_active: 1366  h_sync: 1414  h_sync_end 1446 h_blank_end 1526 h_border: 0
[2026-08-11 13:14:23] (II) intel(0): v_active: 768  v_sync: 771  v_sync_end 777 v_blanking: 790 v_border: 0
[2026-08-11 13:14:23] (II) intel(0): Unknown vendor-specific block 0
[2026-08-11 13:14:23] (II) intel(0):  BOE DT
[2026-08-11 13:14:23] (II) intel(0):  NT116WHM-N11
[2026-08-11 13:14:23] (II) intel(0): EDID (in hex):
[2026-08-11 13:14:23] (II) intel(0): 	00ffffffffffff0009e5080600000000
[2026-08-11 13:14:23] (II) intel(0): 	01180104951a0f78025d40945b579429
[2026-08-11 13:14:23] (II) intel(0): 	1c505400000001010101010101010101
[2026-08-11 13:14:23] (II) intel(0): 	0101010101013e1c56a0500016303020
[2026-08-11 13:14:23] (II) intel(0): 	360000901000001a0000000000000000
[2026-08-11 13:14:23] (II) intel(0): 	0000000000000000001a000000fe0042
[2026-08-11 13:14:23] (II) intel(0): 	4f452044540a202020202020000000fe
[2026-08-11 13:14:23] (II) intel(0): 	004e5431313657484d2d4e31310a00a3
[2026-08-11 13:14:23] (II) intel(0): Not using default mode "320x240" (doublescan mode not supported)
[2026-08-11 13:14:23] (II) intel(0): Not using default mode "400x300" (doublescan mode not supported)
[2026-08-11 13:14:23] (II) intel(0): Not using default mode "400x300" (doublescan mode not supported)
[2026-08-11 13:14:23] (II) intel(0): Not using default mode "512x384" (doublescan mode not supported)
[2026-08-11 13:14:23] (II) intel(0): Not using default mode "640x480" (doublescan mode not supported)
[2026-08-11 13:14:23] (II) intel(0): Not using default mode "640x512" (doublescan mode not supported)
[2026-08-11 13:14:23] (II) intel(0): Not using default mode "800x600" (doublescan mode not supported)
[2026-08-11 13:14:23] (II) intel(0): Not using default mode "896x672" (doublescan mode not supported)
[2026-08-11 13:14:23] (II) intel(0): Not using default mode "928x696" (doublescan mode not supported)
[2026-08-11 13:14:23] (II) intel(0): Not using default mode "960x720" (doublescan mode not supported)
[2026-08-11 13:14:23] (II) intel(0): Not using default mode "700x525" (doublescan mode not supported)
[2026-08-11 13:14:23] (II) intel(0): Not using default mode "1024x768" (doublescan mode not supported)
[2026-08-11 13:14:23] (II) intel(0): Not using default mode "320x180" (doublescan mode not supported)
[2026-08-11 13:14:23] (II) intel(0): Not using default mode "320x180" (doublescan mode not supported)
[2026-08-11 13:14:23] (II) intel(0): Not using default mode "360x202" (doublescan mode not supported)
[2026-08-11 13:14:23] (II) intel(0): Not using default mode "360x202" (doublescan mode not supported)
[2026-08-11 13:14:23] (II) intel(0): Not using default mode "432x243" (doublescan mode not supported)
[2026-08-11 13:14:23] (II) intel(0): Not using default mode "432x243" (doublescan mode not supported)
[2026-08-11 13:14:23] (II) intel(0): Not using default mode "480x270" (doublescan mode not supported)
[2026-08-11 13:14:23] (II) intel(0): Not using default mode "480x270" (doublescan mode not supported)
[2026-08-11 13:14:23] (II) intel(0): Not using default mode "512x288" (doublescan mode not supported)
[2026-08-11 13:14:23] (II) intel(0): Not using default mode "512x288" (doublescan mode not supported)
[2026-08-11 13:14:23] (II) intel(0): Not using default mode "640x360" (doublescan mode not supported)
[2026-08-11 13:14:23] (II) intel(0): Not using default mode "640x360" (doublescan mode not supported)
[2026-08-11 13:14:23] (II) intel(0): Not using default mode "684x384" (doublescan mode not supported)
[2026-08-11 13:14:23] (II) intel(0): Not using default mode "684x384" (doublescan mode not supported)
[2026-08-11 13:14:23] (II) intel(0): Not using default mode "800x450" (doublescan mode not supported)
[2026-08-11 13:14:23] (II) intel(0): Not using default mode "800x450" (doublescan mode not supported)
[2026-08-11 13:14:23] (II) intel(0): Not using default mode "960x540" (doublescan mode not supported)
[2026-08-11 13:14:23] (II) intel(0): Not using default mode "960x540" (doublescan mode not supported)
[2026-08-11 13:14:23] (II) intel(0): Not using default mode "1024x576" (doublescan mode not supported)
[2026-08-11 13:14:23] (II) intel(0): Not using default mode "1024x576" (doublescan mode not supported)
[2026-08-11 13:14:23] (II) intel(0): Not using default mode "1280x720" (doublescan mode not supported)
[2026-08-11 13:14:23] (II) intel(0): Not using default mode "1280x720" (doublescan mode not supported)
[2026-08-11 13:14:23] (II) intel(0): Not using default mode "640x400" (doublescan mode not supported)
[2026-08-11 13:14:23] (II) intel(0): Not using default mode "640x400" (doublescan mode not supported)
[2026-08-11 13:14:23] (II) intel(0): Not using default mode "700x450" (doublescan mode not supported)
[2026-08-11 13:14:23] (II) intel(0): Not using default mode "700x450" (doublescan mode not supported)
[2026-08-11 13:14:23] (II) intel(0): Not using default mode "840x525" (doublescan mode not supported)
[2026-08-11 13:14:23] (II) intel(0): Not using default mode "840x525" (doublescan mode not supported)
[2026-08-11 13:14:23] (II) intel(0): Not using default mode "960x600" (doublescan mode not supported)
[2026-08-11 13:14:23] (II) intel(0): Not using default mode "960x600" (doublescan mode not supported)
[2026-08-11 13:14:23] (II) intel(0): Printing probed modes for output eDP-1
[2026-08-11 13:14:23] (II) intel(0): Modeline "1366x768"x59.97  72.30  1366 1414 1446 1526  768 771 777 790 +hsync -vsync (47.38 kHz eP)
[2026-08-11 13:14:23] (II) intel(0): Modeline "1280x720"x59.86  74.50  1280 1344 1472 1664  720 723 728 748 -hsync +vsync (44.77 kHz d)
[2026-08-11 13:14:23] (II) intel(0): Modeline "1280x720"x59.74  63.75  1280 1328 1360 1440  720 723 728 741 +hsync -vsync (44.27 kHz d)
[2026-08-11 13:14:23] (II) intel(0): Modeline "1024x768"x60.00  65.00  1024 1048 1184 1344  768 771 777 806 -hsync -vsync (48.36 kHz d)
[2026-08-11 13:14:23] (II) intel(0): Modeline "1024x576"x59.90  46.50  1024 1064 1160 1296  576 579 584 599 -hsync +vsync (35.88 kHz d)
[2026-08-11 13:14:23] (II) intel(0): Modeline "1024x576"x59.82  42.00  1024 1072 1104 1184  576 579 584 593 +hsync -vsync (35.47 kHz d)
[2026-08-11 13:14:23] (II) intel(0): Modeline "960x540"x59.63  40.75  960 992 1088 1216  540 543 548 562 -hsync +vsync (33.51 kHz d)
[2026-08-11 13:14:23] (II) intel(0): Modeline "960x540"x59.82  37.25  960 1008 1040 1120  540 543 548 556 +hsync -vsync (33.26 kHz d)
[2026-08-11 13:14:23] (II) intel(0): Modeline "800x600"x60.32  40.00  800 840 968 1056  600 601 605 628 +hsync +vsync (37.88 kHz d)
[2026-08-11 13:14:23] (II) intel(0): Modeline "800x600"x56.25  36.00  800 824 896 1024  600 601 603 625 +hsync +vsync (35.16 kHz d)
[2026-08-11 13:14:23] (II) intel(0): Modeline "864x486"x59.92  32.50  864 888 968 1072  486 489 494 506 -hsync +vsync (30.32 kHz d)
[2026-08-11 13:14:23] (II) intel(0): Modeline "864x486"x59.57  30.50  864 912 944 1024  486 489 494 500 +hsync -vsync (29.79 kHz d)
[2026-08-11 13:14:23] (II) intel(0): Modeline "640x480"x59.94  25.18  640 656 752 800  480 490 492 525 -hsync -vsync (31.47 kHz d)
[2026-08-11 13:14:23] (II) intel(0): Modeline "720x405"x59.51  22.50  720 744 808 896  405 408 413 422 -hsync +vsync (25.11 kHz d)
[2026-08-11 13:14:23] (II) intel(0): Modeline "720x405"x58.99  21.75  720 768 800 880  405 408 413 419 +hsync -vsync (24.72 kHz d)
[2026-08-11 13:14:23] (II) intel(0): Modeline "640x360"x59.84  18.00  640 664 720 800  360 363 368 376 -hsync +vsync (22.50 kHz d)
[2026-08-11 13:14:23] (II) intel(0): Modeline "640x360"x59.32  17.75  640 688 720 800  360 363 368 374 +hsync -vsync (22.19 kHz d)
[2026-08-11 13:14:23] (II) intel(0): EDID for output DP-1
[2026-08-11 13:14:23] (II) intel(0): EDID for output HDMI-1
[2026-08-11 13:14:23] (II) intel(0): EDID for output DP-2
[2026-08-11 13:14:23] (II) intel(0): EDID for output HDMI-2
[2026-08-11 13:14:23] (II) intel(0): Output eDP-1 connected
[2026-08-11 13:14:23] (II) intel(0): Output DP-1 disconnected
[2026-08-11 13:14:23] (II) intel(0): Output HDMI-1 disconnected
[2026-08-11 13:14:23] (II) intel(0): Output DP-2 disconnected
[2026-08-11 13:14:23] (II) intel(0): Output HDMI-2 disconnected
[2026-08-11 13:14:23] (II) intel(0): Using exact sizes for initial modes
[2026-08-11 13:14:23] (II) intel(0): Output eDP-1 using initial mode 1366x768 +0+0
[2026-08-11 13:14:23] (II) intel(0): Kernel page flipping support detected, enabling
[2026-08-11 13:14:23] (==) intel(0): Using gamma correction (1.00, 1.00, 1.00)
[2026-08-11 13:14:23] (==) intel(0): DPI set to (96, 96)
[2026-08-11 13:14:23] (II) Loading sub module "fb"
[2026-08-11 13:14:23] (II) LoadModule: "fb"
[2026-08-11 13:14:23] (II) Module "fb" already built-in
[2026-08-11 13:14:23] (II) Loading sub module "dri2"
[2026-08-11 13:14:23] (II) LoadModule: "dri2"
[2026-08-11 13:14:23] (II) Module "dri2" already built-in
[2026-08-11 13:14:23] scfb: PreInit 1
[2026-08-11 13:14:23] (II) scfb(1): Using: depth (32),	width (1366),	 height (768)
[2026-08-11 13:14:23] (II) scfb(1): Creating default Display subsection in Screen section
	"Default Screen Section" for depth/fbbpp 24/32
[2026-08-11 13:14:23] (==) scfb(1): Depth 24, (==) framebuffer bpp 32
[2026-08-11 13:14:23] (==) scfb(1): RGB weight 888
[2026-08-11 13:14:23] (==) scfb(1): Default visual is TrueColor
[2026-08-11 13:14:23] (==) scfb(1): Using gamma correction (1.00, 1.00, 1.00)
[2026-08-11 13:14:23] (II) scfb(1): Vidmem: 4128k
[2026-08-11 13:14:23] (DB) xf86MergeOutputClassOptions unsupported bus type 0
[2026-08-11 13:14:23] (==) scfb(1): DPI set to (96, 96)
[2026-08-11 13:14:23] (**) scfb(1): Using "Shadow Framebuffer"
[2026-08-11 13:14:23] (II) Loading sub module "shadow"
[2026-08-11 13:14:23] (II) LoadModule: "shadow"
[2026-08-11 13:14:23] (II) Loading /usr/local/lib/xorg/modules/xlibre-25/libshadow.so
[2026-08-11 13:14:23] (II) Module shadow: vendor="X.Org Foundation"
[2026-08-11 13:14:23] 	compiled for 1.25.1.8, module version = 1.1.0
[2026-08-11 13:14:23] 	ABI class: X.Org ANSI C Emulation, version 1.4
[2026-08-11 13:14:23] (II) Loading sub module "fb"
[2026-08-11 13:14:23] (II) LoadModule: "fb"
[2026-08-11 13:14:23] (II) Module "fb" already built-in
[2026-08-11 13:14:23] scfb: PreInit done
[2026-08-11 13:14:23] (II) UnloadModule: "modesetting"
[2026-08-11 13:14:23] (II) Unloading modesetting
[2026-08-11 13:14:23] (II) UnloadModule: "vesa"
[2026-08-11 13:14:23] (II) Unloading vesa
[2026-08-11 13:14:23] (II) intel(0): Allocated new frame buffer 1366x768 stride 5632, tiled
[2026-08-11 13:14:23] (II) UXA(0): Driver registered support for the following operations:
[2026-08-11 13:14:23] (II)         solid
[2026-08-11 13:14:23] (II)         copy
[2026-08-11 13:14:23] (II)         put_image
[2026-08-11 13:14:23] (II)         get_image
[2026-08-11 13:14:23] (WW) intel(0): cannot enable DRI2 whilst forcing software fallbacks
[2026-08-11 13:14:23] (==) intel(0): Backing store enabled
[2026-08-11 13:14:23] (==) intel(0): Silken mouse enabled
[2026-08-11 13:14:23] (II) intel(0): Initializing HW Cursor
[2026-08-11 13:14:23] (==) intel(0): DPMS enabled
[2026-08-11 13:14:23] (==) intel(0): Intel XvMC decoder enabled
[2026-08-11 13:14:23] (WW) intel(0): Disabling Xv because no adaptors could be initialized.
[2026-08-11 13:14:23] (II) intel(0): DRI2: Failed
[2026-08-11 13:14:23] (II) intel(0): DRI3: Disabled
[2026-08-11 13:14:23] (==) intel(0): hotplug detection: "enabled"
[2026-08-11 13:14:23] scfb: ScfbScreenInit 1
[2026-08-11 13:14:23] 	bitsPerPixel=32, depth=24, defaultVisual=TrueColor
	mask: ff0000,ff00,ff, offset: 16,8,0
[2026-08-11 13:14:23] mmap returns: addr 0x83b600000 len 0x408000, fd 12, off 0
[2026-08-11 13:14:23] scfb: ScfbSave 1
[2026-08-11 13:14:23] scfb: ScfbSave done
[2026-08-11 13:14:23] (==) scfb(1): Backing store enabled
[2026-08-11 13:14:23] scfb: ScfbScreenInit done
[2026-08-11 13:14:23] (II) Output(s) initialized
[2026-08-11 13:14:23] (II) Initializing extension Generic Event Extension
[2026-08-11 13:14:23] (II) Initializing extension SHAPE
[2026-08-11 13:14:23] (II) Initializing extension MIT-SHM
[2026-08-11 13:14:23] (II) Initializing extension XInputExtension
[2026-08-11 13:14:23] (II) Initializing extension XTEST
[2026-08-11 13:14:23] (II) Initializing extension BIG-REQUESTS
[2026-08-11 13:14:23] (II) Initializing extension SYNC
[2026-08-11 13:14:23] (II) Initializing extension XKEYBOARD
[2026-08-11 13:14:23] (II) Initializing extension XC-MISC
[2026-08-11 13:14:23] (II) Initializing extension SECURITY
[2026-08-11 13:14:23] (II) Initializing extension XFIXES
[2026-08-11 13:14:23] (II) Initializing extension RENDER
[2026-08-11 13:14:23] (II) Initializing extension RANDR
[2026-08-11 13:14:23] (II) Initializing extension COMPOSITE
[2026-08-11 13:14:23] (II) Initializing extension DAMAGE
[2026-08-11 13:14:23] (II) Initializing extension MIT-SCREEN-SAVER
[2026-08-11 13:14:23] (II) Initializing extension DOUBLE-BUFFER
[2026-08-11 13:14:23] (II) Initializing extension RECORD
[2026-08-11 13:14:23] (II) Initializing extension DPMS
[2026-08-11 13:14:23] (II) Initializing extension Present
[2026-08-11 13:14:23] (II) Initializing extension DRI3
[2026-08-11 13:14:23] (II) Initializing extension X-Resource
[2026-08-11 13:14:23] (II) Initializing extension XVideo
[2026-08-11 13:14:23] (II) Initializing extension XVideo-MotionCompensation
[2026-08-11 13:14:23] (II) Initializing extension GLX
[2026-08-11 13:14:23] (II) AIGLX: Screen 0 is not DRI2 capable
[2026-08-11 13:14:23] (EE) AIGLX error: dlopen of /usr/local/lib/dri/swrast_dri.so failed (Cannot open "/usr/local/lib/dri/swrast_dri.so")
[2026-08-11 13:14:23] (EE) AIGLX error: unable to load driver swrast
[2026-08-11 13:14:23] (EE) GLX: could not load software renderer
[2026-08-11 13:14:23] (II) GLX: no usable GL providers found for screen 0
[2026-08-11 13:14:23] (II) AIGLX: Screen 1 is not DRI2 capable
[2026-08-11 13:14:23] (EE) AIGLX error: dlopen of /usr/local/lib/dri/swrast_dri.so failed (Cannot open "/usr/local/lib/dri/swrast_dri.so")
[2026-08-11 13:14:23] (EE) AIGLX error: unable to load driver swrast
[2026-08-11 13:14:23] (EE) GLX: could not load software renderer
[2026-08-11 13:14:23] (II) GLX: no usable GL providers found for screen 1
[2026-08-11 13:14:23] (II) Initializing extension XFree86-VidModeExtension
[2026-08-11 13:14:23] (II) Initializing extension XFree86-DGA
[2026-08-11 13:14:23] (II) Initializing extension XFree86-DRI
[2026-08-11 13:14:23] (II) Initializing extension DRI2
[2026-08-11 13:14:23] (II) Extensions initialized
[2026-08-11 13:14:23] (II) intel(0): Setting screen physical size to 361 x 203
[2026-08-11 13:14:23] (II) Screen(s) initialized
[2026-08-11 13:14:23] (II) config/udev: Adding input device System keyboard multiplexer (/dev/input/event0)
[2026-08-11 13:14:23] (**) System keyboard multiplexer: Applying InputClass "Evdev keyboard"
[2026-08-11 13:14:23] (**) System keyboard multiplexer: Applying InputClass "libinput keyboard catchall"
[2026-08-11 13:14:23] (II) LoadModule: "libinput"
[2026-08-11 13:14:23] (II) Loading /usr/local/lib/xorg/modules/xlibre-25/input/libinput_drv.so
[2026-08-11 13:14:23] (II) Module libinput: vendor="X.Org Foundation"
[2026-08-11 13:14:23] 	compiled for 1.25.1.8, module version = 25.0.1
[2026-08-11 13:14:23] 	Module class: X.Org XInput Driver
[2026-08-11 13:14:23] 	ABI class: X.Org XInput driver, version 26.0
[2026-08-11 13:14:23] (II) Using input driver 'libinput' for 'System keyboard multiplexer'
[2026-08-11 13:14:23] (**) System keyboard multiplexer: always reports core events
[2026-08-11 13:14:23] (**) Option "Device" "/dev/input/event0"
[2026-08-11 13:14:23] (II) event0  - System keyboard multiplexer: is tagged by udev as: Keyboard
[2026-08-11 13:14:23] (II) event0  - System keyboard multiplexer: device is a keyboard
[2026-08-11 13:14:23] (II) event0  - System keyboard multiplexer: device removed
[2026-08-11 13:14:23] (**) Option "config_info" "udev:/dev/input/event0"
[2026-08-11 13:14:23] (II) XINPUT: Adding extended input device "System keyboard multiplexer" (type: KEYBOARD, id 6)
[2026-08-11 13:14:23] (**) Option "xkb_rules" "evdev"
[2026-08-11 13:14:23] (II) event0  - System keyboard multiplexer: is tagged by udev as: Keyboard
[2026-08-11 13:14:23] (II) event0  - System keyboard multiplexer: device is a keyboard
[2026-08-11 13:14:23] (II) config/udev: Adding input device System mouse (/dev/input/event1)
[2026-08-11 13:14:23] (**) System mouse: Applying InputClass "libinput pointer catchall"
[2026-08-11 13:14:23] (II) Using input driver 'libinput' for 'System mouse'
[2026-08-11 13:14:23] (**) System mouse: always reports core events
[2026-08-11 13:14:23] (**) Option "Device" "/dev/input/event1"
[2026-08-11 13:14:23] (II) event1  - System mouse: is tagged by udev as: Mouse
[2026-08-11 13:14:23] (II) event1  - System mouse: emulating high-resolution scroll wheel events.
[2026-08-11 13:14:23] (II) event1  - System mouse: device is a pointer
[2026-08-11 13:14:23] (II) event1  - System mouse: device removed
[2026-08-11 13:14:23] (II) libinput: System mouse: Step value 0 was provided, libinput Fallback acceleration function is used.
[2026-08-11 13:14:23] (II) libinput: System mouse: Step value 0 was provided, libinput Fallback acceleration function is used.
[2026-08-11 13:14:23] (II) libinput: System mouse: Step value 0 was provided, libinput Fallback acceleration function is used.
[2026-08-11 13:14:23] (**) Option "config_info" "udev:/dev/input/event1"
[2026-08-11 13:14:23] (II) XINPUT: Adding extended input device "System mouse" (type: MOUSE, id 7)
[2026-08-11 13:14:23] (**) Option "AccelerationScheme" "none"
[2026-08-11 13:14:23] (**) System mouse: (accel) selected scheme none/0
[2026-08-11 13:14:23] (**) System mouse: (accel) acceleration factor: 2.00
[2026-08-11 13:14:23] (**) System mouse: (accel) acceleration threshold: 4
[2026-08-11 13:14:23] (II) event1  - System mouse: is tagged by udev as: Mouse
[2026-08-11 13:14:23] (II) event1  - System mouse: emulating high-resolution scroll wheel events.
[2026-08-11 13:14:23] (II) event1  - System mouse: device is a pointer
[2026-08-11 13:14:23] (II) config/udev: Adding input device ACPI video extension (/dev/input/event2)
[2026-08-11 13:14:23] (**) ACPI video extension: Applying InputClass "Evdev keyboard"
[2026-08-11 13:14:23] (**) ACPI video extension: Applying InputClass "libinput keyboard catchall"
[2026-08-11 13:14:23] (II) Using input driver 'libinput' for 'ACPI video extension'
[2026-08-11 13:14:23] (**) ACPI video extension: always reports core events
[2026-08-11 13:14:23] (**) Option "Device" "/dev/input/event2"
[2026-08-11 13:14:23] (II) event2  - ACPI video extension: is tagged by udev as: Keyboard
[2026-08-11 13:14:23] (II) event2  - ACPI video extension: device is a keyboard
[2026-08-11 13:14:23] (II) event2  - ACPI video extension: device removed
[2026-08-11 13:14:23] (**) Option "config_info" "udev:/dev/input/event2"
[2026-08-11 13:14:23] (II) XINPUT: Adding extended input device "ACPI video extension" (type: KEYBOARD, id 8)
[2026-08-11 13:14:23] (**) Option "xkb_rules" "evdev"
[2026-08-11 13:14:23] (II) event2  - ACPI video extension: is tagged by udev as: Keyboard
[2026-08-11 13:14:23] (II) event2  - ACPI video extension: device is a keyboard
[2026-08-11 13:14:23] (II) config/udev: Adding input device Control Method Lid Switch (/dev/input/event3)
[2026-08-11 13:14:23] (II) No input driver specified, ignoring this device.
[2026-08-11 13:14:23] (II) This device may have been added with another device file.
[2026-08-11 13:14:23] (II) config/udev: Adding input device Power Button (/dev/input/event4)
[2026-08-11 13:14:23] (**) Power Button: Applying InputClass "Evdev keyboard"
[2026-08-11 13:14:23] (**) Power Button: Applying InputClass "libinput keyboard catchall"
[2026-08-11 13:14:23] (II) Using input driver 'libinput' for 'Power Button'
[2026-08-11 13:14:23] (**) Power Button: always reports core events
[2026-08-11 13:14:23] (**) Option "Device" "/dev/input/event4"
[2026-08-11 13:14:23] (II) event4  - Power Button: is tagged by udev as: Keyboard
[2026-08-11 13:14:23] (II) event4  - Power Button: device is a keyboard
[2026-08-11 13:14:23] (II) event4  - Power Button: device removed
[2026-08-11 13:14:23] (**) Option "config_info" "udev:/dev/input/event4"
[2026-08-11 13:14:23] (II) XINPUT: Adding extended input device "Power Button" (type: KEYBOARD, id 9)
[2026-08-11 13:14:23] (**) Option "xkb_rules" "evdev"
[2026-08-11 13:14:23] (II) event4  - Power Button: is tagged by udev as: Keyboard
[2026-08-11 13:14:23] (II) event4  - Power Button: device is a keyboard
[2026-08-11 13:14:23] (II) config/udev: Adding input device Sleep Button (/dev/input/event5)
[2026-08-11 13:14:23] (**) Sleep Button: Applying InputClass "Evdev keyboard"
[2026-08-11 13:14:23] (**) Sleep Button: Applying InputClass "libinput keyboard catchall"
[2026-08-11 13:14:23] (II) Using input driver 'libinput' for 'Sleep Button'
[2026-08-11 13:14:23] (**) Sleep Button: always reports core events
[2026-08-11 13:14:23] (**) Option "Device" "/dev/input/event5"
[2026-08-11 13:14:23] (II) event5  - Sleep Button: is tagged by udev as: Keyboard
[2026-08-11 13:14:23] (II) event5  - Sleep Button: device is a keyboard
[2026-08-11 13:14:23] (II) event5  - Sleep Button: device removed
[2026-08-11 13:14:23] (**) Option "config_info" "udev:/dev/input/event5"
[2026-08-11 13:14:23] (II) XINPUT: Adding extended input device "Sleep Button" (type: KEYBOARD, id 10)
[2026-08-11 13:14:23] (**) Option "xkb_rules" "evdev"
[2026-08-11 13:14:23] (II) event5  - Sleep Button: is tagged by udev as: Keyboard
[2026-08-11 13:14:23] (II) event5  - Sleep Button: device is a keyboard
[2026-08-11 13:14:23] (II) config/udev: Adding input device AT keyboard (/dev/input/event6)
[2026-08-11 13:14:23] (**) AT keyboard: Applying InputClass "Evdev keyboard"
[2026-08-11 13:14:23] (**) AT keyboard: Applying InputClass "libinput keyboard catchall"
[2026-08-11 13:14:23] (II) Using input driver 'libinput' for 'AT keyboard'
[2026-08-11 13:14:23] (**) AT keyboard: always reports core events
[2026-08-11 13:14:23] (**) Option "Device" "/dev/input/event6"
[2026-08-11 13:14:23] (II) event6  - AT keyboard: is tagged by udev as: Keyboard
[2026-08-11 13:14:23] (II) event6  - AT keyboard: device is a keyboard
[2026-08-11 13:14:23] (II) event6  - AT keyboard: device removed
[2026-08-11 13:14:23] (**) Option "config_info" "udev:/dev/input/event6"
[2026-08-11 13:14:23] (II) XINPUT: Adding extended input device "AT keyboard" (type: KEYBOARD, id 11)
[2026-08-11 13:14:23] (**) Option "xkb_rules" "evdev"
[2026-08-11 13:14:23] (II) event6  - AT keyboard: is tagged by udev as: Keyboard
[2026-08-11 13:14:23] (II) event6  - AT keyboard: device is a keyboard
[2026-08-11 13:14:23] (II) config/udev: Adding input device SynPS/2 Synaptics TouchPad (/dev/input/event7)
[2026-08-11 13:14:23] (**) SynPS/2 Synaptics TouchPad: Applying InputClass "libinput pointer catchall"
[2026-08-11 13:14:23] (**) SynPS/2 Synaptics TouchPad: Applying InputClass "libinput touchpad catchall"
[2026-08-11 13:14:23] (II) Using input driver 'libinput' for 'SynPS/2 Synaptics TouchPad'
[2026-08-11 13:14:23] (**) SynPS/2 Synaptics TouchPad: always reports core events
[2026-08-11 13:14:23] (**) Option "Device" "/dev/input/event7"
[2026-08-11 13:14:23] (II) event7  - SynPS/2 Synaptics TouchPad: is tagged by udev as: Mouse Touchpad
[2026-08-11 13:14:23] (II) event7  - SynPS/2 Synaptics TouchPad: device is a touchpad
[2026-08-11 13:14:23] (II) event7  - SynPS/2 Synaptics TouchPad: device removed
[2026-08-11 13:14:23] (II) libinput: SynPS/2 Synaptics TouchPad: Step value 0 was provided, libinput Fallback acceleration function is used.
[2026-08-11 13:14:23] (II) libinput: SynPS/2 Synaptics TouchPad: Step value 0 was provided, libinput Fallback acceleration function is used.
[2026-08-11 13:14:23] (II) libinput: SynPS/2 Synaptics TouchPad: Step value 0 was provided, libinput Fallback acceleration function is used.
[2026-08-11 13:14:23] (**) Option "config_info" "udev:/dev/input/event7"
[2026-08-11 13:14:23] (II) XINPUT: Adding extended input device "SynPS/2 Synaptics TouchPad" (type: TOUCHPAD, id 12)
[2026-08-11 13:14:24] (**) Option "AccelerationScheme" "none"
[2026-08-11 13:14:24] (**) SynPS/2 Synaptics TouchPad: (accel) selected scheme none/0
[2026-08-11 13:14:24] (**) SynPS/2 Synaptics TouchPad: (accel) acceleration factor: 2.00
[2026-08-11 13:14:24] (**) SynPS/2 Synaptics TouchPad: (accel) acceleration threshold: 4
[2026-08-11 13:14:24] (II) event7  - SynPS/2 Synaptics TouchPad: is tagged by udev as: Mouse Touchpad
[2026-08-11 13:14:24] (II) event7  - SynPS/2 Synaptics TouchPad: device is a touchpad
[2026-08-11 13:14:24] (II) Input(s) initialized
[2026-08-11 13:14:24] scfb: SaveScreen 1
[2026-08-11 13:14:24] scfb: SaveScreen done
[2026-08-11 13:14:24] (WW) ProcXkbGetKbdByName() childbuf size (7520) mismatch mrep size (7528 // 1882 units)
[2026-08-11 13:14:24] (II) intel(0): EDID vendor "BOE", prod id 1544
[2026-08-11 13:14:24] (II) intel(0): Printing DDC gathered Modelines:
[2026-08-11 13:14:24] (II) intel(0): Modeline "1366x768"x0.00  72.30  1366 1414 1446 1526  768 771 777 790 +hsync -vsync (47.38 kHz eP)
